// Jest Snapshot v1, https://goo.gl/fbAQLP

exports[`Page component renders 1`] = `
<div
  className="page_scroller"
>
  <div
    className="page"
  >
    <Sidebar
      filters={
        Object {
          "category": "all",
          "manufacturer": "all",
        }
      }
    />
    <section
      className="content"
    >
      <div
        className="content_container"
      >
        <Switch>
          <Route
            path="/:loadName"
            render={[Function]}
          />
          <Route
            render={[Function]}
          />
        </Switch>
      </div>
    </section>
  </div>
</div>
`;
