// Jest Snapshot v1, https://goo.gl/fbAQLP

exports[`LabwareList component renders 1`] = `
<ul
  className="list"
>
  <li
    className="card"
  >
    <p
      className="top_bar"
    >
      <span>
        generic
      </span>
       | 
      <span>
        Well Plate
      </span>
    </p>
    <a
      href="#"
    >
      <h2
        className="title"
      >
        ANSI 96 Standard Microplate
        <svg
          aria-hidden="true"
          className="title_icon"
          fill="currentColor"
          version="1.1"
          viewBox="0 0 24 24"
        >
          <path
            d="M8.571 7.839l4.242 4.59-4.242 4.59 1.312 1.41 5.545-6-5.545-6z"
            fillRule="evenodd"
          />
        </svg>
      </h2>
    </a>
    <div
      className="gallery"
    >
      <div
        className="gallery_main"
      />
      <div
        className="thumbnail_row"
      >
        <div
          className="thumbnail_container"
        >
          <div
            className="thumbnail"
          />
        </div>
        <div
          className="thumbnail_container"
        >
          <div
            className="thumbnail"
          />
        </div>
        <div
          className="thumbnail_container"
        >
          <div
            className="thumbnail"
          />
        </div>
      </div>
    </div>
    <div
      className="stats"
    >
      <div
        className="dimensions"
      >
        <p
          className="top_label"
        >
          plate dimensions
           
          <span
            className="units"
          >
            (
            mm
            )
          </span>
        </p>
        <div
          className="stats_bar"
        >
          <p
            className="stats_item"
          >
            <span
              className="left_label"
            >
              l
            </span>
            <span
              className="value"
            >
              127.76
            </span>
          </p>
          <p
            className="stats_item"
          >
            <span
              className="left_label"
            >
              w
            </span>
            <span
              className="value"
            >
              85.48
            </span>
          </p>
          <p
            className="stats_item"
          >
            <span
              className="left_label"
            >
              h
            </span>
            <span
              className="value"
            >
              14.35
            </span>
          </p>
        </div>
      </div>
      <div
        className="wells"
      >
        <p
          className="top_label"
        >
          no. of wells
        </p>
        <p
          className="value"
        >
          96
        </p>
      </div>
      <div
        className="wells"
      >
        <div
          className="well_group"
        >
          <div
            className="well_dimensions"
          >
            <p
              className="top_label"
            >
              well dimensions
               
              <span
                className="units"
              >
                (
                mm
                )
              </span>
            </p>
            <div
              className="stats_bar"
            >
              <p
                className="left_label"
              >
                depth
              </p>
              <p
                className="value"
              >
                10.54
              </p>
            </div>
            <div
              className="stats_bar"
            >
              <p
                className="left_label"
              >
                diameter
              </p>
              <p
                className="value"
              >
                6.40
              </p>
            </div>
          </div>
          <div
            className="well_volume"
          >
            <p
              className="top_label"
            >
              max volume
            </p>
            <p
              className="value"
            >
              380
               
              µL
            </p>
          </div>
        </div>
      </div>
    </div>
    <div
      className="tags"
    >
      <p
        className="left_label"
      >
        tags
      </p>
      <p
        className="value"
      >
        flat, microplate, SBS, ANSI, generic
      </p>
    </div>
    <label
      className="load_name"
    >
      <p
        className="top_label"
      >
        api name
      </p>
      <input
        className="load_name_input"
        onFocus={[Function]}
        readOnly={true}
        type="text"
        value="generic_96_wellplate_380_ul"
      />
    </label>
  </li>
  <li
    className="card"
  >
    <p
      className="top_bar"
    >
      <span>
        Opentrons
      </span>
       | 
      <span>
        Tip Rack
      </span>
    </p>
    <a
      href="#"
    >
      <h2
        className="title"
      >
        Opentrons GEB 300uL Tiprack
        <svg
          aria-hidden="true"
          className="title_icon"
          fill="currentColor"
          version="1.1"
          viewBox="0 0 24 24"
        >
          <path
            d="M8.571 7.839l4.242 4.59-4.242 4.59 1.312 1.41 5.545-6-5.545-6z"
            fillRule="evenodd"
          />
        </svg>
      </h2>
    </a>
    <div
      className="gallery"
    >
      <div
        className="gallery_main"
      />
      <div
        className="thumbnail_row"
      >
        <div
          className="thumbnail_container"
        >
          <div
            className="thumbnail"
          />
        </div>
        <div
          className="thumbnail_container"
        >
          <div
            className="thumbnail"
          />
        </div>
        <div
          className="thumbnail_container"
        >
          <div
            className="thumbnail"
          />
        </div>
      </div>
    </div>
    <div
      className="stats"
    >
      <div
        className="dimensions"
      >
        <p
          className="top_label"
        >
          plate dimensions
           
          <span
            className="units"
          >
            (
            mm
            )
          </span>
        </p>
        <div
          className="stats_bar"
        >
          <p
            className="stats_item"
          >
            <span
              className="left_label"
            >
              l
            </span>
            <span
              className="value"
            >
              127.76
            </span>
          </p>
          <p
            className="stats_item"
          >
            <span
              className="left_label"
            >
              w
            </span>
            <span
              className="value"
            >
              85.48
            </span>
          </p>
          <p
            className="stats_item"
          >
            <span
              className="left_label"
            >
              h
            </span>
            <span
              className="value"
            >
              64.48
            </span>
          </p>
        </div>
      </div>
      <div
        className="wells"
      >
        <p
          className="top_label"
        >
          no. of tips
        </p>
        <p
          className="value"
        >
          96
        </p>
      </div>
      <div
        className="wells"
      >
        <div
          className="well_group"
        >
          <div
            className="well_dimensions"
          >
            <p
              className="top_label"
            >
              tip dimensions
               
              <span
                className="units"
              >
                (
                mm
                )
              </span>
            </p>
            <div
              className="stats_bar"
            >
              <p
                className="left_label"
              >
                depth
              </p>
              <p
                className="value"
              >
                54.00
              </p>
            </div>
            <div
              className="stats_bar"
            >
              <p
                className="left_label"
              >
                diameter
              </p>
              <p
                className="value"
              >
                5.00
              </p>
            </div>
          </div>
          <div
            className="well_volume"
          >
            <p
              className="top_label"
            >
              max volume
            </p>
            <p
              className="value"
            >
              300
               
              µL
            </p>
          </div>
        </div>
      </div>
    </div>
    <div
      className="tags"
    >
      <p
        className="left_label"
      >
        tags
      </p>
      <p
        className="value"
      >
        GEB, tiprack, 300uL, Opentrons, p300, p50
      </p>
    </div>
    <label
      className="load_name"
    >
      <p
        className="top_label"
      >
        api name
      </p>
      <input
        className="load_name_input"
        onFocus={[Function]}
        readOnly={true}
        type="text"
        value="opentrons_96_tiprack_300_ul"
      />
    </label>
  </li>
  <li
    className="card"
  >
    <p
      className="top_bar"
    >
      <span>
        USA Scientific
      </span>
       | 
      <span>
        Trough
      </span>
    </p>
    <a
      href="#"
    >
      <h2
        className="title"
      >
        12 Channel Trough
        <svg
          aria-hidden="true"
          className="title_icon"
          fill="currentColor"
          version="1.1"
          viewBox="0 0 24 24"
        >
          <path
            d="M8.571 7.839l4.242 4.59-4.242 4.59 1.312 1.41 5.545-6-5.545-6z"
            fillRule="evenodd"
          />
        </svg>
      </h2>
    </a>
    <div
      className="gallery"
    >
      <div
        className="gallery_main"
      />
      <div
        className="thumbnail_row"
      >
        <div
          className="thumbnail_container"
        >
          <div
            className="thumbnail"
          />
        </div>
        <div
          className="thumbnail_container"
        >
          <div
            className="thumbnail"
          />
        </div>
        <div
          className="thumbnail_container"
        >
          <div
            className="thumbnail"
          />
        </div>
      </div>
    </div>
    <div
      className="stats"
    >
      <div
        className="dimensions"
      >
        <p
          className="top_label"
        >
          plate dimensions
           
          <span
            className="units"
          >
            (
            mm
            )
          </span>
        </p>
        <div
          className="stats_bar"
        >
          <p
            className="stats_item"
          >
            <span
              className="left_label"
            >
              l
            </span>
            <span
              className="value"
            >
              127.76
            </span>
          </p>
          <p
            className="stats_item"
          >
            <span
              className="left_label"
            >
              w
            </span>
            <span
              className="value"
            >
              85.80
            </span>
          </p>
          <p
            className="stats_item"
          >
            <span
              className="left_label"
            >
              h
            </span>
            <span
              className="value"
            >
              44.45
            </span>
          </p>
        </div>
      </div>
      <div
        className="wells"
      >
        <p
          className="top_label"
        >
          no. of wells
        </p>
        <p
          className="value"
        >
          12
        </p>
      </div>
      <div
        className="wells"
      >
        <div
          className="well_group"
        >
          <div
            className="well_dimensions"
          >
            <p
              className="top_label"
            >
              well dimensions
               
              <span
                className="units"
              >
                (
                mm
                )
              </span>
            </p>
            <div
              className="stats_bar"
            >
              <p
                className="left_label"
              >
                depth
              </p>
              <p
                className="value"
              >
                42.16
              </p>
            </div>
            <div
              className="stats_bar"
            >
              <p
                className="left_label"
              >
                length
              </p>
              <p
                className="value"
              >
                8.33
              </p>
            </div>
            <div
              className="stats_bar"
            >
              <p
                className="left_label"
              >
                width
              </p>
              <p
                className="value"
              >
                71.88
              </p>
            </div>
          </div>
          <div
            className="well_volume"
          >
            <p
              className="top_label"
            >
              max volume
            </p>
            <p
              className="value"
            >
              22
               
              mL
            </p>
          </div>
        </div>
      </div>
    </div>
    <div
      className="tags"
    >
      <p
        className="left_label"
      >
        tags
      </p>
      <p
        className="value"
      >
        
      </p>
    </div>
    <label
      className="load_name"
    >
      <p
        className="top_label"
      >
        api name
      </p>
      <input
        className="load_name_input"
        onFocus={[Function]}
        readOnly={true}
        type="text"
        value="usa_scientific_12_trough_22_ml"
      />
    </label>
  </li>
</ul>
`;
