// Vitest Snapshot v1, https://vitest.dev/guide/snapshot.html

exports[`makeInitialRobotState > matches snapshot 1`] = `
{
  "labware": {
    "fixedTrash": {
      "stack": [
        "fixedTrash",
        "12",
      ],
    },
    "somePlateId": {
      "stack": [
        "somePlateId",
        "1",
      ],
    },
    "tiprack10Id": {
      "stack": [
        "tiprack10Id",
        "2",
      ],
    },
    "tiprack300Id": {
      "stack": [
        "tiprack300Id",
        "4",
      ],
    },
  },
  "liquidState": {
    "labware": {
      "fixedTrash": {
        "A1": {},
      },
      "somePlateId": {
        "A1": {},
        "A10": {},
        "A11": {},
        "A12": {},
        "A2": {},
        "A3": {},
        "A4": {},
        "A5": {},
        "A6": {},
        "A7": {},
        "A8": {},
        "A9": {},
        "B1": {},
        "B10": {},
        "B11": {},
        "B12": {},
        "B2": {},
        "B3": {},
        "B4": {},
        "B5": {},
        "B6": {},
        "B7": {},
        "B8": {},
        "B9": {},
        "C1": {},
        "C10": {},
        "C11": {},
        "C12": {},
        "C2": {},
        "C3": {},
        "C4": {},
        "C5": {},
        "C6": {},
        "C7": {},
        "C8": {},
        "C9": {},
        "D1": {},
        "D10": {},
        "D11": {},
        "D12": {},
        "D2": {},
        "D3": {},
        "D4": {},
        "D5": {},
        "D6": {},
        "D7": {},
        "D8": {},
        "D9": {},
        "E1": {},
        "E10": {},
        "E11": {},
        "E12": {},
        "E2": {},
        "E3": {},
        "E4": {},
        "E5": {},
        "E6": {},
        "E7": {},
        "E8": {},
        "E9": {},
        "F1": {},
        "F10": {},
        "F11": {},
        "F12": {},
        "F2": {},
        "F3": {},
        "F4": {},
        "F5": {},
        "F6": {},
        "F7": {},
        "F8": {},
        "F9": {},
        "G1": {},
        "G10": {},
        "G11": {},
        "G12": {},
        "G2": {},
        "G3": {},
        "G4": {},
        "G5": {},
        "G6": {},
        "G7": {},
        "G8": {},
        "G9": {},
        "H1": {},
        "H10": {},
        "H11": {},
        "H12": {},
        "H2": {},
        "H3": {},
        "H4": {},
        "H5": {},
        "H6": {},
        "H7": {},
        "H8": {},
        "H9": {},
      },
      "tiprack10Id": {
        "A1": {},
        "A10": {},
        "A11": {},
        "A12": {},
        "A2": {},
        "A3": {},
        "A4": {},
        "A5": {},
        "A6": {},
        "A7": {},
        "A8": {},
        "A9": {},
        "B1": {},
        "B10": {},
        "B11": {},
        "B12": {},
        "B2": {},
        "B3": {},
        "B4": {},
        "B5": {},
        "B6": {},
        "B7": {},
        "B8": {},
        "B9": {},
        "C1": {},
        "C10": {},
        "C11": {},
        "C12": {},
        "C2": {},
        "C3": {},
        "C4": {},
        "C5": {},
        "C6": {},
        "C7": {},
        "C8": {},
        "C9": {},
        "D1": {},
        "D10": {},
        "D11": {},
        "D12": {},
        "D2": {},
        "D3": {},
        "D4": {},
        "D5": {},
        "D6": {},
        "D7": {},
        "D8": {},
        "D9": {},
        "E1": {},
        "E10": {},
        "E11": {},
        "E12": {},
        "E2": {},
        "E3": {},
        "E4": {},
        "E5": {},
        "E6": {},
        "E7": {},
        "E8": {},
        "E9": {},
        "F1": {},
        "F10": {},
        "F11": {},
        "F12": {},
        "F2": {},
        "F3": {},
        "F4": {},
        "F5": {},
        "F6": {},
        "F7": {},
        "F8": {},
        "F9": {},
        "G1": {},
        "G10": {},
        "G11": {},
        "G12": {},
        "G2": {},
        "G3": {},
        "G4": {},
        "G5": {},
        "G6": {},
        "G7": {},
        "G8": {},
        "G9": {},
        "H1": {},
        "H10": {},
        "H11": {},
        "H12": {},
        "H2": {},
        "H3": {},
        "H4": {},
        "H5": {},
        "H6": {},
        "H7": {},
        "H8": {},
        "H9": {},
      },
      "tiprack300Id": {
        "A1": {},
        "A10": {},
        "A11": {},
        "A12": {},
        "A2": {},
        "A3": {},
        "A4": {},
        "A5": {},
        "A6": {},
        "A7": {},
        "A8": {},
        "A9": {},
        "B1": {},
        "B10": {},
        "B11": {},
        "B12": {},
        "B2": {},
        "B3": {},
        "B4": {},
        "B5": {},
        "B6": {},
        "B7": {},
        "B8": {},
        "B9": {},
        "C1": {},
        "C10": {},
        "C11": {},
        "C12": {},
        "C2": {},
        "C3": {},
        "C4": {},
        "C5": {},
        "C6": {},
        "C7": {},
        "C8": {},
        "C9": {},
        "D1": {},
        "D10": {},
        "D11": {},
        "D12": {},
        "D2": {},
        "D3": {},
        "D4": {},
        "D5": {},
        "D6": {},
        "D7": {},
        "D8": {},
        "D9": {},
        "E1": {},
        "E10": {},
        "E11": {},
        "E12": {},
        "E2": {},
        "E3": {},
        "E4": {},
        "E5": {},
        "E6": {},
        "E7": {},
        "E8": {},
        "E9": {},
        "F1": {},
        "F10": {},
        "F11": {},
        "F12": {},
        "F2": {},
        "F3": {},
        "F4": {},
        "F5": {},
        "F6": {},
        "F7": {},
        "F8": {},
        "F9": {},
        "G1": {},
        "G10": {},
        "G11": {},
        "G12": {},
        "G2": {},
        "G3": {},
        "G4": {},
        "G5": {},
        "G6": {},
        "G7": {},
        "G8": {},
        "G9": {},
        "H1": {},
        "H10": {},
        "H11": {},
        "H12": {},
        "H2": {},
        "H3": {},
        "H4": {},
        "H5": {},
        "H6": {},
        "H7": {},
        "H8": {},
        "H9": {},
      },
    },
    "pipettes": {
      "p10SingleId": {
        "0": {},
      },
      "p300MultiId": {
        "0": {},
        "1": {},
        "2": {},
        "3": {},
        "4": {},
        "5": {},
        "6": {},
        "7": {},
      },
    },
    "trashBins": {},
    "wasteChute": {},
  },
  "modules": {
    "someTempModuleId": {
      "moduleState": {
        "status": "TEMPERATURE_DEACTIVATED",
        "targetTemperature": null,
        "type": "temperatureModuleType",
      },
      "slot": "3",
    },
  },
  "pipettes": {
    "p10SingleId": {
      "mount": "left",
    },
    "p300MultiId": {
      "mount": "right",
    },
  },
  "tipState": {
    "pipettes": {
      "p10SingleId": {
        "hasTip": false,
        "tiprackURI": null,
      },
      "p300MultiId": {
        "hasTip": false,
        "tiprackURI": null,
      },
    },
    "tipracks": {
      "tiprack10Id": {
        "A1": "CLEAN",
        "A10": "CLEAN",
        "A11": "CLEAN",
        "A12": "CLEAN",
        "A2": "CLEAN",
        "A3": "CLEAN",
        "A4": "CLEAN",
        "A5": "CLEAN",
        "A6": "CLEAN",
        "A7": "CLEAN",
        "A8": "CLEAN",
        "A9": "CLEAN",
        "B1": "CLEAN",
        "B10": "CLEAN",
        "B11": "CLEAN",
        "B12": "CLEAN",
        "B2": "CLEAN",
        "B3": "CLEAN",
        "B4": "CLEAN",
        "B5": "CLEAN",
        "B6": "CLEAN",
        "B7": "CLEAN",
        "B8": "CLEAN",
        "B9": "CLEAN",
        "C1": "CLEAN",
        "C10": "CLEAN",
        "C11": "CLEAN",
        "C12": "CLEAN",
        "C2": "CLEAN",
        "C3": "CLEAN",
        "C4": "CLEAN",
        "C5": "CLEAN",
        "C6": "CLEAN",
        "C7": "CLEAN",
        "C8": "CLEAN",
        "C9": "CLEAN",
        "D1": "CLEAN",
        "D10": "CLEAN",
        "D11": "CLEAN",
        "D12": "CLEAN",
        "D2": "CLEAN",
        "D3": "CLEAN",
        "D4": "CLEAN",
        "D5": "CLEAN",
        "D6": "CLEAN",
        "D7": "CLEAN",
        "D8": "CLEAN",
        "D9": "CLEAN",
        "E1": "CLEAN",
        "E10": "CLEAN",
        "E11": "CLEAN",
        "E12": "CLEAN",
        "E2": "CLEAN",
        "E3": "CLEAN",
        "E4": "CLEAN",
        "E5": "CLEAN",
        "E6": "CLEAN",
        "E7": "CLEAN",
        "E8": "CLEAN",
        "E9": "CLEAN",
        "F1": "CLEAN",
        "F10": "CLEAN",
        "F11": "CLEAN",
        "F12": "CLEAN",
        "F2": "CLEAN",
        "F3": "CLEAN",
        "F4": "CLEAN",
        "F5": "CLEAN",
        "F6": "CLEAN",
        "F7": "CLEAN",
        "F8": "CLEAN",
        "F9": "CLEAN",
        "G1": "CLEAN",
        "G10": "CLEAN",
        "G11": "CLEAN",
        "G12": "CLEAN",
        "G2": "CLEAN",
        "G3": "CLEAN",
        "G4": "CLEAN",
        "G5": "CLEAN",
        "G6": "CLEAN",
        "G7": "CLEAN",
        "G8": "CLEAN",
        "G9": "CLEAN",
        "H1": "CLEAN",
        "H10": "CLEAN",
        "H11": "CLEAN",
        "H12": "CLEAN",
        "H2": "CLEAN",
        "H3": "CLEAN",
        "H4": "CLEAN",
        "H5": "CLEAN",
        "H6": "CLEAN",
        "H7": "CLEAN",
        "H8": "CLEAN",
        "H9": "CLEAN",
      },
      "tiprack300Id": {
        "A1": "CLEAN",
        "A10": "CLEAN",
        "A11": "CLEAN",
        "A12": "CLEAN",
        "A2": "CLEAN",
        "A3": "CLEAN",
        "A4": "CLEAN",
        "A5": "CLEAN",
        "A6": "CLEAN",
        "A7": "CLEAN",
        "A8": "CLEAN",
        "A9": "CLEAN",
        "B1": "CLEAN",
        "B10": "CLEAN",
        "B11": "CLEAN",
        "B12": "CLEAN",
        "B2": "CLEAN",
        "B3": "CLEAN",
        "B4": "CLEAN",
        "B5": "CLEAN",
        "B6": "CLEAN",
        "B7": "CLEAN",
        "B8": "CLEAN",
        "B9": "CLEAN",
        "C1": "CLEAN",
        "C10": "CLEAN",
        "C11": "CLEAN",
        "C12": "CLEAN",
        "C2": "CLEAN",
        "C3": "CLEAN",
        "C4": "CLEAN",
        "C5": "CLEAN",
        "C6": "CLEAN",
        "C7": "CLEAN",
        "C8": "CLEAN",
        "C9": "CLEAN",
        "D1": "CLEAN",
        "D10": "CLEAN",
        "D11": "CLEAN",
        "D12": "CLEAN",
        "D2": "CLEAN",
        "D3": "CLEAN",
        "D4": "CLEAN",
        "D5": "CLEAN",
        "D6": "CLEAN",
        "D7": "CLEAN",
        "D8": "CLEAN",
        "D9": "CLEAN",
        "E1": "CLEAN",
        "E10": "CLEAN",
        "E11": "CLEAN",
        "E12": "CLEAN",
        "E2": "CLEAN",
        "E3": "CLEAN",
        "E4": "CLEAN",
        "E5": "CLEAN",
        "E6": "CLEAN",
        "E7": "CLEAN",
        "E8": "CLEAN",
        "E9": "CLEAN",
        "F1": "CLEAN",
        "F10": "CLEAN",
        "F11": "CLEAN",
        "F12": "CLEAN",
        "F2": "CLEAN",
        "F3": "CLEAN",
        "F4": "CLEAN",
        "F5": "CLEAN",
        "F6": "CLEAN",
        "F7": "CLEAN",
        "F8": "CLEAN",
        "F9": "CLEAN",
        "G1": "CLEAN",
        "G10": "CLEAN",
        "G11": "CLEAN",
        "G12": "CLEAN",
        "G2": "CLEAN",
        "G3": "CLEAN",
        "G4": "CLEAN",
        "G5": "CLEAN",
        "G6": "CLEAN",
        "G7": "CLEAN",
        "G8": "CLEAN",
        "G9": "CLEAN",
        "H1": "CLEAN",
        "H10": "CLEAN",
        "H11": "CLEAN",
        "H12": "CLEAN",
        "H2": "CLEAN",
        "H3": "CLEAN",
        "H4": "CLEAN",
        "H5": "CLEAN",
        "H6": "CLEAN",
        "H7": "CLEAN",
        "H8": "CLEAN",
        "H9": "CLEAN",
      },
    },
  },
}
`;
