// Jest Snapshot v1, https://goo.gl/fbAQLP

exports[`FilterManufacturer component renders 1`] = `
<label
  className="filter_manufacturer"
>
  <p
    className="filter_manufacturer_label"
  >
    manufacturer
  </p>
  <div>
    <div
      className="css-10nd86i filter_manufacturer_select"
      onKeyDown={[Function]}
    >
      <div
        className="css-0 select_control"
        onMouseDown={[Function]}
        onTouchEnd={[Function]}
      >
        <div
          className="css-1hwfws3"
        >
          <div
            className="css-xp4uvy"
          >
            All
          </div>
          <div
            className="css-y8aj3r"
          >
            <div
              className=""
              style={
                Object {
                  "display": "inline-block",
                }
              }
            >
              <input
                aria-autocomplete="list"
                autoCapitalize="none"
                autoComplete="off"
                autoCorrect="off"
                disabled={false}
                id="react-select-2-input"
                onBlur={[Function]}
                onChange={[Function]}
                onFocus={[Function]}
                spellCheck="false"
                style={
                  Object {
                    "background": 0,
                    "border": 0,
                    "boxSizing": "content-box",
                    "color": "inherit",
                    "fontSize": "inherit",
                    "opacity": 1,
                    "outline": 0,
                    "padding": 0,
                    "width": "1px",
                  }
                }
                tabIndex="0"
                type="text"
                value=""
              />
              <div
                style={
                  Object {
                    "height": 0,
                    "left": 0,
                    "overflow": "scroll",
                    "position": "absolute",
                    "top": 0,
                    "visibility": "hidden",
                    "whiteSpace": "pre",
                  }
                }
              >
                
              </div>
            </div>
          </div>
        </div>
        <div
          className="css-1wy0on6"
        >
          <div
            aria-hidden="true"
            className="css-1ep9fjw"
            onMouseDown={[Function]}
            onTouchEnd={[Function]}
          >
            <div
              className="dropdown_icon_wrapper"
            >
              <svg
                aria-hidden="true"
                className=""
                fill="currentColor"
                version="1.1"
                viewBox="0 0 24 24"
                width="100%"
              >
                <path
                  d="M7,10L12,15L17,10H7Z"
                  fillRule="evenodd"
                />
              </svg>
            </div>
          </div>
        </div>
      </div>
      <input
        name="manufacturer"
        type="hidden"
        value="all"
      />
    </div>
  </div>
</label>
`;
