// Jest Snapshot v1, https://goo.gl/fbAQLP

exports[`FilterCategory component renders 1`] = `
<Fragment>
  <p
    className="filter_label"
  >
    category
  </p>
  <ul
    className="filter_category"
  >
    <li
      className="filter_category_item"
      key="all"
    >
      <Link
        className="filter_category_link selected"
        to="/?"
      >
        All
      </Link>
    </li>
    <li
      className="filter_category_item"
      key="reservoir"
    >
      <Link
        className="filter_category_link"
        to="/?category=reservoir"
      >
        Reservoirs
      </Link>
    </li>
    <li
      className="filter_category_item"
      key="tubeRack"
    >
      <Link
        className="filter_category_link"
        to="/?category=tubeRack"
      >
        Tube Racks
      </Link>
    </li>
    <li
      className="filter_category_item"
      key="wellPlate"
    >
      <Link
        className="filter_category_link"
        to="/?category=wellPlate"
      >
        Well Plates
      </Link>
    </li>
    <li
      className="filter_category_item"
      key="tipRack"
    >
      <Link
        className="filter_category_link"
        to="/?category=tipRack"
      >
        Tip Racks
      </Link>
    </li>
    <li
      className="filter_category_item"
      key="adapter"
    >
      <Link
        className="filter_category_link"
        to="/?category=adapter"
      >
        Adapter
      </Link>
    </li>
  </ul>
</Fragment>
`;
