// Jest Snapshot v1, https://goo.gl/fbAQLP

exports[`FilterManufacturer component renders 1`] = `
<label
  className="filter_manufacturer"
>
  <p
    className="filter_label"
  >
    manufacturer
  </p>
  <SelectField
    className="filter_manufacturer_select"
    name="manufacturer"
    onValueChange={[Function]}
    options={
      Array [
        Object {
          "label": "All",
          "value": "all",
        },
        Object {
          "label": "foo",
          "value": "foo",
        },
        Object {
          "label": "bar",
          "value": "bar",
        },
        Object {
          "label": "baz",
          "value": "baz",
        },
        Object {
          "options": Array [
            Object {
              "label": "Other",
              "value": "other",
            },
          ],
        },
      ]
    }
    value="all"
  />
</label>
`;
