// Jest Snapshot v1, https://goo.gl/fbAQLP

exports[`LabwareGuide component renders 1`] = `
<section
  className="labware_guide"
>
  <div
    className="labware_guide_container"
  >
    <h2
      className="labware_guide_title"
    >
      <Icon
        className="labware_guide_icon"
        name="book-open-page-variant"
      />
      Labware Guide
    </h2>
    <ul
      className="labware_guide_list"
    >
      <li
        key="0"
      >
        <a
          className="labware_guide_link"
          href="#"
          rel="noopener noreferrer"
          target="_blank"
        >
          How to choose labware
        </a>
      </li>
      <li
        key="1"
      >
        <a
          className="labware_guide_link"
          href="#"
          rel="noopener noreferrer"
          target="_blank"
        >
          Making custom definitions
        </a>
      </li>
    </ul>
  </div>
</section>
`;
