// Jest Snapshot v1, https://goo.gl/fbAQLP

exports[`LabwareGuide component renders 1`] = `
<section
  className="labware_guide"
>
  <div
    className="labware_guide_container"
  >
    <h2
      className="labware_guide_title"
    >
      <Icon
        className="labware_guide_icon"
        name="book-open-page-variant"
      />
      Labware Guide
    </h2>
    <ul
      className="labware_guide_list"
    >
      <li
        key="0"
      >
        <a
          className="labware_guide_link"
          href="https://support.opentrons.com/en/articles/3136501-what-is-a-labware-definition"
          rel="noopener noreferrer"
          target="_blank"
        >
          What is a labware definition?
        </a>
      </li>
      <li
        key="1"
      >
        <a
          className="labware_guide_link"
          href="https://support.opentrons.com/en/articles/3136507-using-the-labware-library"
          rel="noopener noreferrer"
          target="_blank"
        >
          Using the Labware Library
        </a>
      </li>
      <li
        key="2"
      >
        <a
          className="labware_guide_link"
          href="https://support.opentrons.com/en/articles/3136504-creating-custom-labware-definitions"
          rel="noopener noreferrer"
          target="_blank"
        >
          Creating custom labware definitions
        </a>
      </li>
      <li>
        <Link
          className="labware_guide_link"
          to="/create"
        >
          Custom Labware Creator
        </Link>
      </li>
    </ul>
  </div>
</section>
`;
