// Vitest Snapshot v1, https://vitest.dev/guide/snapshot.html

exports[`makeInitialRobotState > matches snapshot 1`] = `
{
  "labware": {
    "fixedTrash": {
      "stack": [
        "fixedTrash",
        "12",
      ],
    },
    "somePlateId": {
      "stack": [
        "somePlateId",
        "1",
      ],
    },
    "tiprack10Id": {
      "stack": [
        "tiprack10Id",
        "2",
      ],
    },
    "tiprack300Id": {
      "stack": [
        "tiprack300Id",
        "4",
      ],
    },
  },
  "liquidState": {
    "labware": {
      "fixedTrash": {
        "A1": {},
      },
      "somePlateId": {
        "A1": {},
        "A10": {},
        "A11": {},
        "A12": {},
        "A2": {},
        "A3": {},
        "A4": {},
        "A5": {},
        "A6": {},
        "A7": {},
        "A8": {},
        "A9": {},
        "B1": {},
        "B10": {},
        "B11": {},
        "B12": {},
        "B2": {},
        "B3": {},
        "B4": {},
        "B5": {},
        "B6": {},
        "B7": {},
        "B8": {},
        "B9": {},
        "C1": {},
        "C10": {},
        "C11": {},
        "C12": {},
        "C2": {},
        "C3": {},
        "C4": {},
        "C5": {},
        "C6": {},
        "C7": {},
        "C8": {},
        "C9": {},
        "D1": {},
        "D10": {},
        "D11": {},
        "D12": {},
        "D2": {},
        "D3": {},
        "D4": {},
        "D5": {},
        "D6": {},
        "D7": {},
        "D8": {},
        "D9": {},
        "E1": {},
        "E10": {},
        "E11": {},
        "E12": {},
        "E2": {},
        "E3": {},
        "E4": {},
        "E5": {},
        "E6": {},
        "E7": {},
        "E8": {},
        "E9": {},
        "F1": {},
        "F10": {},
        "F11": {},
        "F12": {},
        "F2": {},
        "F3": {},
        "F4": {},
        "F5": {},
        "F6": {},
        "F7": {},
        "F8": {},
        "F9": {},
        "G1": {},
        "G10": {},
        "G11": {},
        "G12": {},
        "G2": {},
        "G3": {},
        "G4": {},
        "G5": {},
        "G6": {},
        "G7": {},
        "G8": {},
        "G9": {},
        "H1": {},
        "H10": {},
        "H11": {},
        "H12": {},
        "H2": {},
        "H3": {},
        "H4": {},
        "H5": {},
        "H6": {},
        "H7": {},
        "H8": {},
        "H9": {},
      },
      "tiprack10Id": {
        "A1": {},
        "A10": {},
        "A11": {},
        "A12": {},
        "A2": {},
        "A3": {},
        "A4": {},
        "A5": {},
        "A6": {},
        "A7": {},
        "A8": {},
        "A9": {},
        "B1": {},
        "B10": {},
        "B11": {},
        "B12": {},
        "B2": {},
        "B3": {},
        "B4": {},
        "B5": {},
        "B6": {},
        "B7": {},
        "B8": {},
        "B9": {},
        "C1": {},
        "C10": {},
        "C11": {},
        "C12": {},
        "C2": {},
        "C3": {},
        "C4": {},
        "C5": {},
        "C6": {},
        "C7": {},
        "C8": {},
        "C9": {},
        "D1": {},
        "D10": {},
        "D11": {},
        "D12": {},
        "D2": {},
        "D3": {},
        "D4": {},
        "D5": {},
        "D6": {},
        "D7": {},
        "D8": {},
        "D9": {},
        "E1": {},
        "E10": {},
        "E11": {},
        "E12": {},
        "E2": {},
        "E3": {},
        "E4": {},
        "E5": {},
        "E6": {},
        "E7": {},
        "E8": {},
        "E9": {},
        "F1": {},
        "F10": {},
        "F11": {},
        "F12": {},
        "F2": {},
        "F3": {},
        "F4": {},
        "F5": {},
        "F6": {},
        "F7": {},
        "F8": {},
        "F9": {},
        "G1": {},
        "G10": {},
        "G11": {},
        "G12": {},
        "G2": {},
        "G3": {},
        "G4": {},
        "G5": {},
        "G6": {},
        "G7": {},
        "G8": {},
        "G9": {},
        "H1": {},
        "H10": {},
        "H11": {},
        "H12": {},
        "H2": {},
        "H3": {},
        "H4": {},
        "H5": {},
        "H6": {},
        "H7": {},
        "H8": {},
        "H9": {},
      },
      "tiprack300Id": {
        "A1": {},
        "A10": {},
        "A11": {},
        "A12": {},
        "A2": {},
        "A3": {},
        "A4": {},
        "A5": {},
        "A6": {},
        "A7": {},
        "A8": {},
        "A9": {},
        "B1": {},
        "B10": {},
        "B11": {},
        "B12": {},
        "B2": {},
        "B3": {},
        "B4": {},
        "B5": {},
        "B6": {},
        "B7": {},
        "B8": {},
        "B9": {},
        "C1": {},
        "C10": {},
        "C11": {},
        "C12": {},
        "C2": {},
        "C3": {},
        "C4": {},
        "C5": {},
        "C6": {},
        "C7": {},
        "C8": {},
        "C9": {},
        "D1": {},
        "D10": {},
        "D11": {},
        "D12": {},
        "D2": {},
        "D3": {},
        "D4": {},
        "D5": {},
        "D6": {},
        "D7": {},
        "D8": {},
        "D9": {},
        "E1": {},
        "E10": {},
        "E11": {},
        "E12": {},
        "E2": {},
        "E3": {},
        "E4": {},
        "E5": {},
        "E6": {},
        "E7": {},
        "E8": {},
        "E9": {},
        "F1": {},
        "F10": {},
        "F11": {},
        "F12": {},
        "F2": {},
        "F3": {},
        "F4": {},
        "F5": {},
        "F6": {},
        "F7": {},
        "F8": {},
        "F9": {},
        "G1": {},
        "G10": {},
        "G11": {},
        "G12": {},
        "G2": {},
        "G3": {},
        "G4": {},
        "G5": {},
        "G6": {},
        "G7": {},
        "G8": {},
        "G9": {},
        "H1": {},
        "H10": {},
        "H11": {},
        "H12": {},
        "H2": {},
        "H3": {},
        "H4": {},
        "H5": {},
        "H6": {},
        "H7": {},
        "H8": {},
        "H9": {},
      },
    },
    "pipettes": {
      "p10SingleId": {
        "0": {},
      },
      "p300MultiId": {
        "0": {},
        "1": {},
        "2": {},
        "3": {},
        "4": {},
        "5": {},
        "6": {},
        "7": {},
      },
    },
    "trashBins": {},
    "wasteChute": {},
  },
  "modules": {
    "someTempModuleId": {
      "moduleState": {
        "status": "TEMPERATURE_DEACTIVATED",
        "targetTemperature": null,
        "type": "temperatureModuleType",
      },
      "slot": "3",
    },
  },
  "pipettes": {
    "p10SingleId": {
      "mount": "left",
    },
    "p300MultiId": {
      "mount": "right",
    },
  },
  "tipState": {
    "pipettes": {
      "p10SingleId": {
        "hasTip": false,
        "tiprackURI": null,
      },
      "p300MultiId": {
        "hasTip": false,
        "tiprackURI": null,
      },
    },
    "tipracks": {
      "tiprack10Id": {
        "A1": {
          "hasTip": true,
          "isTipSterile": true,
        },
        "A10": {
          "hasTip": true,
          "isTipSterile": true,
        },
        "A11": {
          "hasTip": true,
          "isTipSterile": true,
        },
        "A12": {
          "hasTip": true,
          "isTipSterile": true,
        },
        "A2": {
          "hasTip": true,
          "isTipSterile": true,
        },
        "A3": {
          "hasTip": true,
          "isTipSterile": true,
        },
        "A4": {
          "hasTip": true,
          "isTipSterile": true,
        },
        "A5": {
          "hasTip": true,
          "isTipSterile": true,
        },
        "A6": {
          "hasTip": true,
          "isTipSterile": true,
        },
        "A7": {
          "hasTip": true,
          "isTipSterile": true,
        },
        "A8": {
          "hasTip": true,
          "isTipSterile": true,
        },
        "A9": {
          "hasTip": true,
          "isTipSterile": true,
        },
        "B1": {
          "hasTip": true,
          "isTipSterile": true,
        },
        "B10": {
          "hasTip": true,
          "isTipSterile": true,
        },
        "B11": {
          "hasTip": true,
          "isTipSterile": true,
        },
        "B12": {
          "hasTip": true,
          "isTipSterile": true,
        },
        "B2": {
          "hasTip": true,
          "isTipSterile": true,
        },
        "B3": {
          "hasTip": true,
          "isTipSterile": true,
        },
        "B4": {
          "hasTip": true,
          "isTipSterile": true,
        },
        "B5": {
          "hasTip": true,
          "isTipSterile": true,
        },
        "B6": {
          "hasTip": true,
          "isTipSterile": true,
        },
        "B7": {
          "hasTip": true,
          "isTipSterile": true,
        },
        "B8": {
          "hasTip": true,
          "isTipSterile": true,
        },
        "B9": {
          "hasTip": true,
          "isTipSterile": true,
        },
        "C1": {
          "hasTip": true,
          "isTipSterile": true,
        },
        "C10": {
          "hasTip": true,
          "isTipSterile": true,
        },
        "C11": {
          "hasTip": true,
          "isTipSterile": true,
        },
        "C12": {
          "hasTip": true,
          "isTipSterile": true,
        },
        "C2": {
          "hasTip": true,
          "isTipSterile": true,
        },
        "C3": {
          "hasTip": true,
          "isTipSterile": true,
        },
        "C4": {
          "hasTip": true,
          "isTipSterile": true,
        },
        "C5": {
          "hasTip": true,
          "isTipSterile": true,
        },
        "C6": {
          "hasTip": true,
          "isTipSterile": true,
        },
        "C7": {
          "hasTip": true,
          "isTipSterile": true,
        },
        "C8": {
          "hasTip": true,
          "isTipSterile": true,
        },
        "C9": {
          "hasTip": true,
          "isTipSterile": true,
        },
        "D1": {
          "hasTip": true,
          "isTipSterile": true,
        },
        "D10": {
          "hasTip": true,
          "isTipSterile": true,
        },
        "D11": {
          "hasTip": true,
          "isTipSterile": true,
        },
        "D12": {
          "hasTip": true,
          "isTipSterile": true,
        },
        "D2": {
          "hasTip": true,
          "isTipSterile": true,
        },
        "D3": {
          "hasTip": true,
          "isTipSterile": true,
        },
        "D4": {
          "hasTip": true,
          "isTipSterile": true,
        },
        "D5": {
          "hasTip": true,
          "isTipSterile": true,
        },
        "D6": {
          "hasTip": true,
          "isTipSterile": true,
        },
        "D7": {
          "hasTip": true,
          "isTipSterile": true,
        },
        "D8": {
          "hasTip": true,
          "isTipSterile": true,
        },
        "D9": {
          "hasTip": true,
          "isTipSterile": true,
        },
        "E1": {
          "hasTip": true,
          "isTipSterile": true,
        },
        "E10": {
          "hasTip": true,
          "isTipSterile": true,
        },
        "E11": {
          "hasTip": true,
          "isTipSterile": true,
        },
        "E12": {
          "hasTip": true,
          "isTipSterile": true,
        },
        "E2": {
          "hasTip": true,
          "isTipSterile": true,
        },
        "E3": {
          "hasTip": true,
          "isTipSterile": true,
        },
        "E4": {
          "hasTip": true,
          "isTipSterile": true,
        },
        "E5": {
          "hasTip": true,
          "isTipSterile": true,
        },
        "E6": {
          "hasTip": true,
          "isTipSterile": true,
        },
        "E7": {
          "hasTip": true,
          "isTipSterile": true,
        },
        "E8": {
          "hasTip": true,
          "isTipSterile": true,
        },
        "E9": {
          "hasTip": true,
          "isTipSterile": true,
        },
        "F1": {
          "hasTip": true,
          "isTipSterile": true,
        },
        "F10": {
          "hasTip": true,
          "isTipSterile": true,
        },
        "F11": {
          "hasTip": true,
          "isTipSterile": true,
        },
        "F12": {
          "hasTip": true,
          "isTipSterile": true,
        },
        "F2": {
          "hasTip": true,
          "isTipSterile": true,
        },
        "F3": {
          "hasTip": true,
          "isTipSterile": true,
        },
        "F4": {
          "hasTip": true,
          "isTipSterile": true,
        },
        "F5": {
          "hasTip": true,
          "isTipSterile": true,
        },
        "F6": {
          "hasTip": true,
          "isTipSterile": true,
        },
        "F7": {
          "hasTip": true,
          "isTipSterile": true,
        },
        "F8": {
          "hasTip": true,
          "isTipSterile": true,
        },
        "F9": {
          "hasTip": true,
          "isTipSterile": true,
        },
        "G1": {
          "hasTip": true,
          "isTipSterile": true,
        },
        "G10": {
          "hasTip": true,
          "isTipSterile": true,
        },
        "G11": {
          "hasTip": true,
          "isTipSterile": true,
        },
        "G12": {
          "hasTip": true,
          "isTipSterile": true,
        },
        "G2": {
          "hasTip": true,
          "isTipSterile": true,
        },
        "G3": {
          "hasTip": true,
          "isTipSterile": true,
        },
        "G4": {
          "hasTip": true,
          "isTipSterile": true,
        },
        "G5": {
          "hasTip": true,
          "isTipSterile": true,
        },
        "G6": {
          "hasTip": true,
          "isTipSterile": true,
        },
        "G7": {
          "hasTip": true,
          "isTipSterile": true,
        },
        "G8": {
          "hasTip": true,
          "isTipSterile": true,
        },
        "G9": {
          "hasTip": true,
          "isTipSterile": true,
        },
        "H1": {
          "hasTip": true,
          "isTipSterile": true,
        },
        "H10": {
          "hasTip": true,
          "isTipSterile": true,
        },
        "H11": {
          "hasTip": true,
          "isTipSterile": true,
        },
        "H12": {
          "hasTip": true,
          "isTipSterile": true,
        },
        "H2": {
          "hasTip": true,
          "isTipSterile": true,
        },
        "H3": {
          "hasTip": true,
          "isTipSterile": true,
        },
        "H4": {
          "hasTip": true,
          "isTipSterile": true,
        },
        "H5": {
          "hasTip": true,
          "isTipSterile": true,
        },
        "H6": {
          "hasTip": true,
          "isTipSterile": true,
        },
        "H7": {
          "hasTip": true,
          "isTipSterile": true,
        },
        "H8": {
          "hasTip": true,
          "isTipSterile": true,
        },
        "H9": {
          "hasTip": true,
          "isTipSterile": true,
        },
      },
      "tiprack300Id": {
        "A1": {
          "hasTip": true,
          "isTipSterile": true,
        },
        "A10": {
          "hasTip": true,
          "isTipSterile": true,
        },
        "A11": {
          "hasTip": true,
          "isTipSterile": true,
        },
        "A12": {
          "hasTip": true,
          "isTipSterile": true,
        },
        "A2": {
          "hasTip": true,
          "isTipSterile": true,
        },
        "A3": {
          "hasTip": true,
          "isTipSterile": true,
        },
        "A4": {
          "hasTip": true,
          "isTipSterile": true,
        },
        "A5": {
          "hasTip": true,
          "isTipSterile": true,
        },
        "A6": {
          "hasTip": true,
          "isTipSterile": true,
        },
        "A7": {
          "hasTip": true,
          "isTipSterile": true,
        },
        "A8": {
          "hasTip": true,
          "isTipSterile": true,
        },
        "A9": {
          "hasTip": true,
          "isTipSterile": true,
        },
        "B1": {
          "hasTip": true,
          "isTipSterile": true,
        },
        "B10": {
          "hasTip": true,
          "isTipSterile": true,
        },
        "B11": {
          "hasTip": true,
          "isTipSterile": true,
        },
        "B12": {
          "hasTip": true,
          "isTipSterile": true,
        },
        "B2": {
          "hasTip": true,
          "isTipSterile": true,
        },
        "B3": {
          "hasTip": true,
          "isTipSterile": true,
        },
        "B4": {
          "hasTip": true,
          "isTipSterile": true,
        },
        "B5": {
          "hasTip": true,
          "isTipSterile": true,
        },
        "B6": {
          "hasTip": true,
          "isTipSterile": true,
        },
        "B7": {
          "hasTip": true,
          "isTipSterile": true,
        },
        "B8": {
          "hasTip": true,
          "isTipSterile": true,
        },
        "B9": {
          "hasTip": true,
          "isTipSterile": true,
        },
        "C1": {
          "hasTip": true,
          "isTipSterile": true,
        },
        "C10": {
          "hasTip": true,
          "isTipSterile": true,
        },
        "C11": {
          "hasTip": true,
          "isTipSterile": true,
        },
        "C12": {
          "hasTip": true,
          "isTipSterile": true,
        },
        "C2": {
          "hasTip": true,
          "isTipSterile": true,
        },
        "C3": {
          "hasTip": true,
          "isTipSterile": true,
        },
        "C4": {
          "hasTip": true,
          "isTipSterile": true,
        },
        "C5": {
          "hasTip": true,
          "isTipSterile": true,
        },
        "C6": {
          "hasTip": true,
          "isTipSterile": true,
        },
        "C7": {
          "hasTip": true,
          "isTipSterile": true,
        },
        "C8": {
          "hasTip": true,
          "isTipSterile": true,
        },
        "C9": {
          "hasTip": true,
          "isTipSterile": true,
        },
        "D1": {
          "hasTip": true,
          "isTipSterile": true,
        },
        "D10": {
          "hasTip": true,
          "isTipSterile": true,
        },
        "D11": {
          "hasTip": true,
          "isTipSterile": true,
        },
        "D12": {
          "hasTip": true,
          "isTipSterile": true,
        },
        "D2": {
          "hasTip": true,
          "isTipSterile": true,
        },
        "D3": {
          "hasTip": true,
          "isTipSterile": true,
        },
        "D4": {
          "hasTip": true,
          "isTipSterile": true,
        },
        "D5": {
          "hasTip": true,
          "isTipSterile": true,
        },
        "D6": {
          "hasTip": true,
          "isTipSterile": true,
        },
        "D7": {
          "hasTip": true,
          "isTipSterile": true,
        },
        "D8": {
          "hasTip": true,
          "isTipSterile": true,
        },
        "D9": {
          "hasTip": true,
          "isTipSterile": true,
        },
        "E1": {
          "hasTip": true,
          "isTipSterile": true,
        },
        "E10": {
          "hasTip": true,
          "isTipSterile": true,
        },
        "E11": {
          "hasTip": true,
          "isTipSterile": true,
        },
        "E12": {
          "hasTip": true,
          "isTipSterile": true,
        },
        "E2": {
          "hasTip": true,
          "isTipSterile": true,
        },
        "E3": {
          "hasTip": true,
          "isTipSterile": true,
        },
        "E4": {
          "hasTip": true,
          "isTipSterile": true,
        },
        "E5": {
          "hasTip": true,
          "isTipSterile": true,
        },
        "E6": {
          "hasTip": true,
          "isTipSterile": true,
        },
        "E7": {
          "hasTip": true,
          "isTipSterile": true,
        },
        "E8": {
          "hasTip": true,
          "isTipSterile": true,
        },
        "E9": {
          "hasTip": true,
          "isTipSterile": true,
        },
        "F1": {
          "hasTip": true,
          "isTipSterile": true,
        },
        "F10": {
          "hasTip": true,
          "isTipSterile": true,
        },
        "F11": {
          "hasTip": true,
          "isTipSterile": true,
        },
        "F12": {
          "hasTip": true,
          "isTipSterile": true,
        },
        "F2": {
          "hasTip": true,
          "isTipSterile": true,
        },
        "F3": {
          "hasTip": true,
          "isTipSterile": true,
        },
        "F4": {
          "hasTip": true,
          "isTipSterile": true,
        },
        "F5": {
          "hasTip": true,
          "isTipSterile": true,
        },
        "F6": {
          "hasTip": true,
          "isTipSterile": true,
        },
        "F7": {
          "hasTip": true,
          "isTipSterile": true,
        },
        "F8": {
          "hasTip": true,
          "isTipSterile": true,
        },
        "F9": {
          "hasTip": true,
          "isTipSterile": true,
        },
        "G1": {
          "hasTip": true,
          "isTipSterile": true,
        },
        "G10": {
          "hasTip": true,
          "isTipSterile": true,
        },
        "G11": {
          "hasTip": true,
          "isTipSterile": true,
        },
        "G12": {
          "hasTip": true,
          "isTipSterile": true,
        },
        "G2": {
          "hasTip": true,
          "isTipSterile": true,
        },
        "G3": {
          "hasTip": true,
          "isTipSterile": true,
        },
        "G4": {
          "hasTip": true,
          "isTipSterile": true,
        },
        "G5": {
          "hasTip": true,
          "isTipSterile": true,
        },
        "G6": {
          "hasTip": true,
          "isTipSterile": true,
        },
        "G7": {
          "hasTip": true,
          "isTipSterile": true,
        },
        "G8": {
          "hasTip": true,
          "isTipSterile": true,
        },
        "G9": {
          "hasTip": true,
          "isTipSterile": true,
        },
        "H1": {
          "hasTip": true,
          "isTipSterile": true,
        },
        "H10": {
          "hasTip": true,
          "isTipSterile": true,
        },
        "H11": {
          "hasTip": true,
          "isTipSterile": true,
        },
        "H12": {
          "hasTip": true,
          "isTipSterile": true,
        },
        "H2": {
          "hasTip": true,
          "isTipSterile": true,
        },
        "H3": {
          "hasTip": true,
          "isTipSterile": true,
        },
        "H4": {
          "hasTip": true,
          "isTipSterile": true,
        },
        "H5": {
          "hasTip": true,
          "isTipSterile": true,
        },
        "H6": {
          "hasTip": true,
          "isTipSterile": true,
        },
        "H7": {
          "hasTip": true,
          "isTipSterile": true,
        },
        "H8": {
          "hasTip": true,
          "isTipSterile": true,
        },
        "H9": {
          "hasTip": true,
          "isTipSterile": true,
        },
      },
    },
  },
}
`;
