// Jest Snapshot v1, https://goo.gl/fbAQLP

exports[`Logo component renders 1`] = `
<a
  data-gtm-action="click"
  data-gtm-category="l-header"
  data-gtm-label="logo"
  href="https://opentrons.com/"
  rel="noopener noreferrer"
  target="_blank"
>
  <img
    className="logo"
    src="ot-logo-full.png"
  />
</a>
`;
