// Jest Snapshot v1, https://goo.gl/fbAQLP

exports[`SecondaryNav component renders 1`] = `
<ul
  className="subdomain_nav_contents"
>
  <li
    key="0"
  >
    <a
      className="subdomain_link"
      data-gtm-action="click"
      data-gtm-category="l-toolbar"
      data-gtm-label="opentrons-api"
      href="https://docs.opentrons.com/"
      rel="noopener noreferrer"
      target="_blank"
    >
      Python API
    </a>
  </li>
  <li
    key="1"
  >
    <Link
      className="subdomain_link"
      data-gtm-action="click"
      data-gtm-category="l-toolbar"
      data-gtm-label="labware-library"
      to="/"
    >
      Labware Library
    </Link>
  </li>
  <li
    key="2"
  >
    <a
      className="subdomain_link"
      data-gtm-action="click"
      data-gtm-category="l-toolbar"
      data-gtm-label="protocol-library"
      href="https://protocols.opentrons.com/"
      rel="noopener noreferrer"
      target="_blank"
    >
      Protocol Library
    </a>
  </li>
  <li
    key="3"
  >
    <a
      className="subdomain_link"
      data-gtm-action="click"
      data-gtm-category="l-toolbar"
      data-gtm-label="protocol-designer"
      href="https://designer.opentrons.com/"
      rel="noopener noreferrer"
      target="_blank"
    >
      Protocol Designer
    </a>
  </li>
</ul>
`;
