// Vitest Snapshot v1, https://vitest.dev/guide/snapshot.html

exports[`test createIrregularLabware function > failing to validate against labware schema throws w/o "strict" 1`] = `[Error: Generated labware failed to validate, please check your inputs]`;

exports[`test createIrregularLabware function failing to validate against labware schema throws w/o "strict" 1`] = `"Generated labware failed to validate, please check your inputs"`;
