// Jest Snapshot v1, https://goo.gl/fbAQLP

exports[`AddLabware component renders 1`] = `
<LabeledButton
  buttonProps={
    Object {
      "children": "Add Labware",
      "onClick": [MockFunction],
    }
  }
  label="Add New Labware Definitions"
>
  <p>
    Add labware definitions to your Custom Labware Definitions folder for use on any OT-2 robot.
  </p>
  <p>
    Use the
     
    <a
      href="https://labware.opentrons.com/create"
      rel="noopener noreferrer"
      target="_blank"
    >
      Custom Labware Creator
    </a>
     
    to generate new labware definitions
  </p>
</LabeledButton>
`;
