// Jest Snapshot v1, https://goo.gl/fbAQLP

exports[`AddLabwareFailureModal component renders 1`] = `
<AlertModal
  alertOverlay={true}
  buttons={
    Array [
      Object {
        "children": "cancel",
        "className": "button",
        "onClick": [MockFunction],
      },
    ]
  }
  heading="Unable to add labware"
>
  <p>
    Unable to copy labware file to
     
    <span
      className="code"
    >
      /path/to/labware
    </span>
    . 
    Please check that you are able to open this file and add files to your labware source folder, or contact Opentrons Support for help.
  </p>
</AlertModal>
`;
