// Jest Snapshot v1, https://goo.gl/fbAQLP

exports[`AddLabwareCard component renders 1`] = `
<LabeledButton
  buttonProps={
    Object {
      "children": "Change Source",
      "onClick": [MockFunction],
    }
  }
  label="Custom Labware Definitions Folder"
>
  <InputField
    className="labeled_value"
    onFocus={[Function]}
    readOnly={true}
    type="text"
    value="/path/to/a/place"
  />
</LabeledButton>
`;
